user: No such collection.

user: No such file.

user: Ending Library process.
