user: Success.

user: Success.

user: No books in system.

user: 17 books successfully added.

user: No common books.

user: Success.

user: Success.

user: Success.

user: Book is currently unavailable.

user: Success.

user: Success.

user: Success.

user: Success.

user: The Hobbit (J.R.R. Tolkien)
The Iliad (Homer)

user: Ending Library process.
