user: No members in system.

user: Success.

user: No rental history for member.

user: Successfully added: To Kill a Mockingbird (Harper Lee).

user: Success.

user: No rental history for member.

user: To Kill a Mockingbird (Harper Lee)

user: Success.

user: To Kill a Mockingbird (Harper Lee)

user: Ending Library process.
