user: Success.

user: 100000: John the Man

user: 17 books successfully added.

user: To Kill a Mockingbird (Harper Lee)

user: Harry Potter 1 (J.K. Rowling)
Harry Potter 2 (J.K. Rowling)
Harry Potter 3 (J.K. Rowling)
Harry Potter 4 (J.K. Rowling)
Harry Potter 5 (J.K. Rowling)
Harry Potter 6 (J.K. Rowling)

user: Ending Library process.
