user: No members in system.

user: Success.

user: No such member in system.

user: Successfully added: To Kill a Mockingbird (Harper Lee).

user: 111111: To Kill a Mockingbird (Harper Lee, Historical Fiction)
Currently available.

user: Success.

user: 111111: To Kill a Mockingbird (Harper Lee, Historical Fiction)
Rented by: 100000.

user: No books available.

user: Success.

user: 111111: To Kill a Mockingbird (Harper Lee, Historical Fiction)
Currently available.

user: To Kill a Mockingbird (Harper Lee)

user: Ending Library process.
